// Jest Snapshot v1, https://goo.gl/fbAQLP

exports[`renders correctly 1`] = `
<View
  style={
    Object {
      "marginBottom": 20,
      "marginLeft": 50,
      "marginRight": 50,
    }
  }
>
  <View
    style={
      Array [
        Object {
          "marginLeft": 15,
          "marginRight": 15,
        },
        undefined,
        undefined,
        Object {
          "borderRadius": 15,
        },
      ]
    }
  >
    <View
      accessible={true}
      isTVSelectable={true}
      onResponderGrant={[Function]}
      onResponderMove={[Function]}
      onResponderRelease={[Function]}
      onResponderTerminate={[Function]}
      onResponderTerminationRequest={[Function]}
      onStartShouldSetResponder={[Function]}
      style={
        Object {
          "marginTop": 20,
        }
      }
    >
      <View
        pointerEvents="box-only"
        style={
          Array [
            Object {
              "alignItems": "center",
              "backgroundColor": "#9E9E9E",
              "flexDirection": "row",
              "justifyContent": "center",
              "padding": 19,
            },
            undefined,
            undefined,
            undefined,
            undefined,
            undefined,
            Object {
              "backgroundColor": "#fff",
            },
            Object {
              "borderRadius": 15,
            },
            Object {
              "padding": 12,
            },
            undefined,
            undefined,
            undefined,
            Object {
              "borderColor": "#2E89AD",
              "borderWidth": 0.5,
            },
            undefined,
            undefined,
          ]
        }
      >
        <Text
          accessible={true}
          allowFontScaling={true}
          ellipsizeMode="tail"
          style={
            Array [
              Object {},
              undefined,
              undefined,
              undefined,
              undefined,
              undefined,
              undefined,
              undefined,
              undefined,
              undefined,
              Array [
                Object {
                  "color": "white",
                  "fontSize": 20,
                },
                Object {
                  "color": "#2E89AD",
                },
                Object {
                  "fontSize": 17.5,
                },
                undefined,
                undefined,
                Object {
                  "fontWeight": "bold",
                },
                Object {
                  "fontFamily": "Raleway",
                },
                undefined,
              ],
            ]
          }
        >
          [missing "en.users.users" translation]
        </Text>
        <Text
          accessible={true}
          allowFontScaling={false}
          ellipsizeMode="tail"
          style={
            Array [
              Object {
                "color": "#2E89AD",
                "fontSize": 18,
              },
              Array [
                Object {
                  "marginLeft": 10,
                },
                undefined,
              ],
              Object {
                "fontFamily": "Material Icons",
                "fontStyle": "normal",
                "fontWeight": "normal",
              },
              Object {},
            ]
          }
          type="font-awesome5"
        >
          î˜§
        </Text>
      </View>
    </View>
  </View>
</View>
`;
