// Jest Snapshot v1, https://goo.gl/fbAQLP

exports[`renders correctly 1`] = `
<View
  style={
    Object {
      "alignItems": "center",
      "backgroundColor": "white",
      "flex": 1,
      "flexDirection": "column",
      "justifyContent": "center",
    }
  }
>
  <Image
    source={
      Object {
        "testUri": "../../../assets/logo.png",
      }
    }
    style={
      Object {
        "height": 120,
        "resizeMode": "contain",
      }
    }
  />
  <View
    style={
      Object {
        "marginBottom": 30,
        "marginTop": 50,
        "width": 250,
      }
    }
  >
    <View>
      <View
        style={
          Object {
            "borderBottomColor": "#bdc6cf",
            "borderBottomWidth": 1,
            "marginLeft": 20,
            "marginRight": 20,
            "marginTop": 10,
            "transform": Array [
              Object {
                "translateX": 0,
              },
            ],
          }
        }
      >
        <TextInput
          allowFontScaling={true}
          onChangeText={[Function]}
          placeholder="Nom"
          style={
            Array [
              Object {
                "color": "#86939e",
                "minHeight": 36,
                "width": 750,
              },
              Object {
                "fontSize": 17.5,
              },
              Object {
                "fontFamily": "Raleway",
              },
            ]
          }
        />
      </View>
      <View
        style={
          Object {
            "borderBottomColor": "#bdc6cf",
            "borderBottomWidth": 1,
            "marginLeft": 20,
            "marginRight": 20,
            "marginTop": 10,
            "transform": Array [
              Object {
                "translateX": 0,
              },
            ],
          }
        }
      >
        <TextInput
          allowFontScaling={true}
          onChangeText={[Function]}
          placeholder="PrÃ©nom"
          style={
            Array [
              Object {
                "color": "#86939e",
                "minHeight": 36,
                "width": 750,
              },
              Object {
                "fontSize": 17.5,
              },
              Object {
                "fontFamily": "Raleway",
              },
            ]
          }
        />
      </View>
      <View
        style={
          Object {
            "borderBottomColor": "#bdc6cf",
            "borderBottomWidth": 1,
            "marginLeft": 20,
            "marginRight": 20,
            "marginTop": 10,
            "transform": Array [
              Object {
                "translateX": 0,
              },
            ],
          }
        }
      >
        <TextInput
          allowFontScaling={true}
          onChangeText={[Function]}
          placeholder="ID"
          style={
            Array [
              Object {
                "color": "#86939e",
                "minHeight": 36,
                "width": 750,
              },
              Object {
                "fontSize": 17.5,
              },
              Object {
                "fontFamily": "Raleway",
              },
            ]
          }
        />
      </View>
    </View>
    <View
      style={
        Object {
          "marginTop": 50,
        }
      }
    >
      <View
        style={
          Array [
            Object {
              "marginLeft": 15,
              "marginRight": 15,
            },
            undefined,
            undefined,
            Object {
              "borderRadius": 15,
            },
          ]
        }
      >
        <View
          accessible={true}
          isTVSelectable={true}
          onResponderGrant={[Function]}
          onResponderMove={[Function]}
          onResponderRelease={[Function]}
          onResponderTerminate={[Function]}
          onResponderTerminationRequest={[Function]}
          onStartShouldSetResponder={[Function]}
          style={null}
        >
          <View
            pointerEvents="box-only"
            style={
              Array [
                Object {
                  "alignItems": "center",
                  "backgroundColor": "#9E9E9E",
                  "flexDirection": "row",
                  "justifyContent": "center",
                  "padding": 19,
                },
                undefined,
                undefined,
                undefined,
                undefined,
                undefined,
                Object {
                  "backgroundColor": "#fff",
                },
                Object {
                  "borderRadius": 15,
                },
                Object {
                  "padding": 12,
                },
                undefined,
                undefined,
                undefined,
                Object {
                  "borderColor": "#2E89AD",
                  "borderWidth": 1,
                },
                undefined,
                undefined,
              ]
            }
          >
            <Text
              accessible={true}
              allowFontScaling={true}
              ellipsizeMode="tail"
              style={
                Array [
                  Object {},
                  undefined,
                  undefined,
                  undefined,
                  undefined,
                  undefined,
                  undefined,
                  undefined,
                  undefined,
                  undefined,
                  Array [
                    Object {
                      "color": "white",
                      "fontSize": 20,
                    },
                    Object {
                      "color": "#2E89AD",
                    },
                    Object {
                      "fontSize": 17.5,
                    },
                    undefined,
                    undefined,
                    Object {
                      "fontWeight": "bold",
                    },
                    Object {
                      "fontFamily": "Raleway",
                    },
                    undefined,
                  ],
                ]
              }
            >
              S'IDENTIFIER
            </Text>
          </View>
        </View>
      </View>
    </View>
    <Text
      accessible={true}
      allowFontScaling={true}
      ellipsizeMode="tail"
      style={
        Array [
          Object {},
          undefined,
          undefined,
          undefined,
          undefined,
          undefined,
          undefined,
          undefined,
          undefined,
          undefined,
          Object {
            "color": "#5167A4",
            "margin": 10,
            "textAlign": "center",
          },
        ]
      }
    >
      
    </Text>
  </View>
</View>
`;
